../Core/Src/main.c:81:1:__io_putchar	16	static
../Core/Src/main.c:90:6:delay_us	16	static
../Core/Src/main.c:103:6:HAL_UARTEx_RxEventCallback	24	static
../Core/Src/main.c:144:5:main	8	static
../Core/Src/main.c:195:6:SystemClock_Config	88	static
../Core/Src/main.c:242:13:MX_TIM1_Init	80	static
../Core/Src/main.c:306:13:MX_TIM11_Init	40	static
../Core/Src/main.c:351:13:MX_USART2_UART_Init	8	static
../Core/Src/main.c:382:13:MX_DMA_Init	16	static
../Core/Src/main.c:403:13:MX_GPIO_Init	48	static
../Core/Src/main.c:455:6:Error_Handler	4	static,ignoring_inline_asm
