../Core/Src/main.c:80:1:__io_putchar	16	static
../Core/Src/main.c:89:6:delay_us	16	static
../Core/Src/main.c:99:5:main	8	static
../Core/Src/main.c:149:6:SystemClock_Config	88	static
../Core/Src/main.c:196:13:MX_TIM1_Init	80	static
../Core/Src/main.c:260:13:MX_TIM11_Init	40	static
../Core/Src/main.c:305:13:MX_USART2_UART_Init	8	static
../Core/Src/main.c:336:13:MX_DMA_Init	16	static
../Core/Src/main.c:357:13:MX_GPIO_Init	48	static
../Core/Src/main.c:409:6:Error_Handler	4	static,ignoring_inline_asm
