../Core/Src/main.c:69:6:HAL_TIM_PeriodElapsedCallback	16	static
../Core/Src/main.c:73:6:HAL_TIM_OC_DelayElapsedCallback	16	static
../Core/Src/main.c:87:5:main	8	static
../Core/Src/main.c:145:6:SystemClock_Config	88	static
../Core/Src/main.c:192:13:MX_TIM3_Init	64	static
../Core/Src/main.c:262:13:MX_TIM4_Init	64	static
../Core/Src/main.c:332:13:MX_TIM5_Init	64	static
../Core/Src/main.c:391:13:MX_USART2_UART_Init	8	static
../Core/Src/main.c:424:13:MX_GPIO_Init	48	static
../Core/Src/main.c:476:6:Error_Handler	4	static,ignoring_inline_asm
